CMake is re-running because C:/Users/Mihailo/Desktop/DatyreDB(╨▒╤Н╨║╨░╨┐ ╨╜╨░ ╨▓╤Б╤П╨║╨╕╨╣)/build/CMakeFiles/generate.stamp is out-of-date.
  the file 'C:/Users/Mihailo/Desktop/DatyreDB(╨▒╤Н╨║╨░╨┐ ╨╜╨░ ╨▓╤Б╤П╨║╨╕╨╣)/CMakeLists.txt'
  is newer than 'C:/Users/Mihailo/Desktop/DatyreDB(╨▒╤Н╨║╨░╨┐ ╨╜╨░ ╨▓╤Б╤П╨║╨╕╨╣)/build/CMakeFiles/generate.stamp.depend'
  result='-1'
-- Configuring done (0.1s)
-- Generating done (0.0s)
-- Build files have been written to: C:/Users/Mihailo/Desktop/DatyreDB(╨▒╤Н╨║╨░╨┐ ╨╜╨░ ╨▓╤Б╤П╨║╨╕╨╣)/build
[1/7] Building CXX object CMakeFiles/datyredb.dir/src/storage/disk_manager.cpp.obj
[2/7] Building CXX object CMakeFiles/datyredb.dir/src/storage/wal.cpp.obj
[3/7] Building CXX object CMakeFiles/datyredb.dir/src/buffer/buffer_pool.cpp.obj
[4/7] Building CXX object CMakeFiles/datyredb.dir/src/main.cpp.obj
[5/7] Building CXX object CMakeFiles/datyredb.dir/src/network/server.cpp.obj
[6/7] Building CXX object CMakeFiles/datyredb.dir/src/db/database.cpp.obj
[7/7] Linking CXX executable datyredb.exe
